---
source: crates/pykrete/tests/diagnostic_catalog.rs
expression: captured
---
d0010_unknown_column_type.pyk:2:13-2:22 error D0010 unknownColumnType: Unknown column type 'weirdtype'. Expected one of: int, long, double, byte, short, decimal, decimal(p, s), string, binary, bool, date, timestamp, Array, Map.
